
2026-04-08 21:13:28 [background-preinit] INFO  o.h.validator.internal.util.Version - HV000001: Hibernate Validator 8.0.3.Final
2026-04-08 21:13:28 [main] INFO  c.example.reviews.ReviewsApplication - Starting ReviewsApplication using Java 21.0.10 with PID 13372 (C:\Users\smruti.rout\Documents\FixiePixie-Backend-main\reviews\target\classes started by smruti.rout in C:\Users\smruti.rout\Documents\FixiePixie-Backend-main)
2026-04-08 21:13:28 [main] DEBUG c.example.reviews.ReviewsApplication - Running with Spring Boot v3.5.13, Spring v6.2.17
2026-04-08 21:13:28 [main] INFO  c.example.reviews.ReviewsApplication - No active profile set, falling back to 1 default profile: "default"
2026-04-08 21:13:30 [main] INFO  o.s.d.r.c.RepositoryConfigurationDelegate - Bootstrapping Spring Data JPA repositories in DEFAULT mode.
2026-04-08 21:13:31 [main] INFO  o.s.d.r.c.RepositoryConfigurationDelegate - Finished Spring Data repository scanning in 272 ms. Found 1 JPA repository interface.
2026-04-08 21:13:31 [main] INFO  o.s.cloud.context.scope.GenericScope - BeanFactory id=cbc2683d-626a-350b-aa9f-212ebc4a431f
2026-04-08 21:13:32 [main] INFO  o.s.b.w.e.tomcat.TomcatWebServer - Tomcat initialized with port 2004 (http)
2026-04-08 21:13:32 [main] INFO  o.a.coyote.http11.Http11NioProtocol - Initializing ProtocolHandler ["http-nio-2004"]
2026-04-08 21:13:32 [main] INFO  o.a.catalina.core.StandardService - Starting service [Tomcat]
2026-04-08 21:13:32 [main] INFO  o.a.catalina.core.StandardEngine - Starting Servlet engine: [Apache Tomcat/10.1.53]
2026-04-08 21:13:32 [main] INFO  o.a.c.c.C.[Tomcat].[localhost].[/] - Initializing Spring embedded WebApplicationContext
2026-04-08 21:13:32 [main] INFO  o.s.b.w.s.c.ServletWebServerApplicationContext - Root WebApplicationContext: initialization completed in 3966 ms
2026-04-08 21:13:33 [main] INFO  o.h.jpa.internal.util.LogHelper - HHH000204: Processing PersistenceUnitInfo [name: default]
2026-04-08 21:13:33 [main] INFO  org.hibernate.Version - HHH000412: Hibernate ORM core version 6.6.45.Final
2026-04-08 21:13:33 [main] INFO  o.h.c.i.RegionFactoryInitiator - HHH000026: Second-level cache disabled
2026-04-08 21:13:33 [main] INFO  o.s.o.j.p.SpringPersistenceUnitInfo - No LoadTimeWeaver setup: ignoring JPA class transformer
2026-04-08 21:13:33 [main] INFO  com.zaxxer.hikari.HikariDataSource - HikariPool-1 - Starting...
2026-04-08 21:13:34 [main] INFO  com.zaxxer.hikari.pool.HikariPool - HikariPool-1 - Added connection org.postgresql.jdbc.PgConnection@59c08cf1
2026-04-08 21:13:34 [main] INFO  com.zaxxer.hikari.HikariDataSource - HikariPool-1 - Start completed.
2026-04-08 21:13:34 [main] WARN  org.hibernate.orm.deprecation - HHH90000025: PostgreSQLDialect does not need to be specified explicitly using 'hibernate.dialect' (remove the property setting and it will be selected by default)
2026-04-08 21:13:34 [main] INFO  o.hibernate.orm.connections.pooling - HHH10001005: Database info:
	Database JDBC URL [Connecting through datasource 'HikariDataSource (HikariPool-1)']
	Database driver: undefined/unknown
	Database version: 18.1
	Autocommit mode: undefined/unknown
	Isolation level: undefined/unknown
	Minimum pool size: undefined/unknown
	Maximum pool size: undefined/unknown
2026-04-08 21:13:37 [main] INFO  o.h.e.t.j.p.i.JtaPlatformInitiator - HHH000489: No JTA platform available (set 'hibernate.transaction.jta.platform' to enable JTA platform integration)
2026-04-08 21:13:37 [main] INFO  o.s.o.j.LocalContainerEntityManagerFactoryBean - Initialized JPA EntityManagerFactory for persistence unit 'default'
2026-04-08 21:13:37 [main] WARN  o.s.b.a.o.j.JpaBaseConfiguration$JpaWebConfiguration - spring.jpa.open-in-view is enabled by default. Therefore, database queries may be performed during view rendering. Explicitly configure spring.jpa.open-in-view to disable this warning
2026-04-08 21:13:39 [main] INFO  o.s.c.n.e.c.DiscoveryClientOptionalArgsConfiguration - Eureka HTTP Client uses RestTemplate.
2026-04-08 21:13:39 [main] WARN  o.s.c.l.c.LoadBalancerCacheAutoConfiguration$LoadBalancerCaffeineWarnLogger - Spring Cloud LoadBalancer is currently working with the default cache. While this cache implementation is useful for development and tests, it's recommended to use Caffeine cache in production.You can switch to using Caffeine cache, by adding it and org.springframework.cache.caffeine.CaffeineCacheManager to the classpath.
2026-04-08 21:13:39 [main] INFO  o.s.c.n.eureka.InstanceInfoFactory - Setting initial instance status as: STARTING
2026-04-08 21:13:39 [main] INFO  c.netflix.discovery.DiscoveryClient - Initializing Eureka in region us-east-1
2026-04-08 21:13:39 [main] INFO  c.n.d.s.r.aws.ConfigClusterResolver - Resolving eureka endpoints via configuration
2026-04-08 21:13:39 [main] INFO  c.netflix.discovery.DiscoveryClient - Disable delta property : false
2026-04-08 21:13:39 [main] INFO  c.netflix.discovery.DiscoveryClient - Single vip registry refresh property : null
2026-04-08 21:13:39 [main] INFO  c.netflix.discovery.DiscoveryClient - Force full registry fetch : false
2026-04-08 21:13:39 [main] INFO  c.netflix.discovery.DiscoveryClient - Application is null : false
2026-04-08 21:13:39 [main] INFO  c.netflix.discovery.DiscoveryClient - Registered Applications size is zero : true
2026-04-08 21:13:39 [main] INFO  c.netflix.discovery.DiscoveryClient - Application version is -1: true
2026-04-08 21:13:39 [main] INFO  c.netflix.discovery.DiscoveryClient - Getting all instance registry info from the eureka server
2026-04-08 21:13:40 [main] INFO  c.netflix.discovery.DiscoveryClient - The response status is 200
2026-04-08 21:13:40 [main] INFO  c.netflix.discovery.DiscoveryClient - Starting heartbeat executor: renew interval is: 30
2026-04-08 21:13:40 [main] INFO  c.n.discovery.InstanceInfoReplicator - InstanceInfoReplicator onDemand update allowed rate per min is 4
2026-04-08 21:13:40 [main] INFO  c.netflix.discovery.DiscoveryClient - Discovery Client initialized at timestamp 1775663020122 with initial instances count: 1
2026-04-08 21:13:40 [main] INFO  o.s.c.n.e.s.EurekaServiceRegistry - Registering application REVIEWS-SERVICE with eureka with status UP
2026-04-08 21:13:40 [main] INFO  c.netflix.discovery.DiscoveryClient - Saw local status change event StatusChangeEvent [timestamp=1775663020139, current=UP, previous=STARTING]
2026-04-08 21:13:40 [main] INFO  o.a.coyote.http11.Http11NioProtocol - Starting ProtocolHandler ["http-nio-2004"]
2026-04-08 21:13:40 [DiscoveryClient-InstanceInfoReplicator-%d] INFO  c.netflix.discovery.DiscoveryClient - DiscoveryClient_REVIEWS-SERVICE/BLR1-LHP-N81123.synapse.com:REVIEWS-SERVICE:2004: registering service...
2026-04-08 21:13:40 [main] INFO  o.s.b.w.e.tomcat.TomcatWebServer - Tomcat started on port 2004 (http) with context path '/'
2026-04-08 21:13:40 [main] INFO  o.s.c.n.e.s.EurekaAutoServiceRegistration - Updating port to 2004
2026-04-08 21:13:40 [DiscoveryClient-InstanceInfoReplicator-%d] INFO  c.netflix.discovery.DiscoveryClient - DiscoveryClient_REVIEWS-SERVICE/BLR1-LHP-N81123.synapse.com:REVIEWS-SERVICE:2004 - registration status: 204
2026-04-08 21:13:40 [main] INFO  c.example.reviews.ReviewsApplication - Started ReviewsApplication in 13.182 seconds (process running for 14.951)
2026-04-08 21:13:45 [http-nio-2004-exec-1] INFO  o.a.c.c.C.[Tomcat].[localhost].[/] - Initializing Spring DispatcherServlet 'dispatcherServlet'
2026-04-08 21:13:45 [http-nio-2004-exec-1] INFO  o.s.web.servlet.DispatcherServlet - Initializing Servlet 'dispatcherServlet'
2026-04-08 21:13:45 [http-nio-2004-exec-1] INFO  o.s.web.servlet.DispatcherServlet - Completed initialization in 2 ms
2026-04-08 21:13:45 [http-nio-2004-exec-1] WARN  c.e.r.utility.GlobalExceptionHandler - Validation failed path=/review/update/4 errors={rating=Rating cannot exceed 5}
2026-04-08 21:17:59 [background-preinit] INFO  o.h.validator.internal.util.Version - HV000001: Hibernate Validator 8.0.3.Final
2026-04-08 21:17:59 [main] INFO  c.e.r.controller.controllerTest - Starting controllerTest using Java 21.0.10 with PID 14816 (started by smruti.rout in C:\Users\smruti.rout\Documents\FixiePixie-Backend-main\reviews)
2026-04-08 21:17:59 [main] DEBUG c.e.r.controller.controllerTest - Running with Spring Boot v3.5.13, Spring v6.2.17
2026-04-08 21:17:59 [main] INFO  c.e.r.controller.controllerTest - No active profile set, falling back to 1 default profile: "default"
2026-04-08 21:18:11 [main] INFO  o.s.b.t.m.w.SpringBootMockServletContext - Initializing Spring TestDispatcherServlet ''
2026-04-08 21:18:11 [main] INFO  o.s.t.w.s.TestDispatcherServlet - Initializing Servlet ''
2026-04-08 21:18:11 [main] INFO  o.s.t.w.s.TestDispatcherServlet - Completed initialization in 6 ms
2026-04-08 21:18:11 [main] INFO  c.e.r.controller.controllerTest - Started controllerTest in 14.433 seconds (process running for 20.033)
2026-04-08 21:18:15 [main] WARN  c.e.r.utility.GlobalExceptionHandler - Not found path=/review/update/77 message=review not found
2026-04-08 21:18:15 [main] WARN  c.e.r.utility.GlobalExceptionHandler - Validation failed path=/review/give errors={rating=Rating cannot exceed 5, bookingId=Booking ID is required, comment=Comment cannot be blank, providerServiceId=Provider Service ID is required}
2026-04-08 21:18:15 [main] WARN  c.e.r.utility.GlobalExceptionHandler - Not found path=/review/delete/88 message=review not found
2026-04-08 21:18:16 [main] INFO  c.example.reviews.ReviewsApplication - Starting ReviewsApplication using Java 21.0.10 with PID 14816 (started by smruti.rout in C:\Users\smruti.rout\Documents\FixiePixie-Backend-main\reviews)
2026-04-08 21:18:16 [main] DEBUG c.example.reviews.ReviewsApplication - Running with Spring Boot v3.5.13, Spring v6.2.17
2026-04-08 21:18:16 [main] INFO  c.example.reviews.ReviewsApplication - No active profile set, falling back to 1 default profile: "default"
2026-04-08 21:18:18 [main] INFO  o.s.d.r.c.RepositoryConfigurationDelegate - Bootstrapping Spring Data JPA repositories in DEFAULT mode.
2026-04-08 21:18:19 [main] INFO  o.s.d.r.c.RepositoryConfigurationDelegate - Finished Spring Data repository scanning in 318 ms. Found 1 JPA repository interface.
2026-04-08 21:18:19 [main] INFO  o.s.cloud.context.scope.GenericScope - BeanFactory id=cbc2683d-626a-350b-aa9f-212ebc4a431f
2026-04-08 21:18:22 [main] INFO  o.s.b.w.e.tomcat.TomcatWebServer - Tomcat initialized with port 2004 (http)
2026-04-08 21:18:22 [main] INFO  o.a.coyote.http11.Http11NioProtocol - Initializing ProtocolHandler ["http-nio-2004"]
2026-04-08 21:18:22 [main] INFO  o.a.catalina.core.StandardService - Starting service [Tomcat]
2026-04-08 21:18:22 [main] INFO  o.a.catalina.core.StandardEngine - Starting Servlet engine: [Apache Tomcat/10.1.53]
2026-04-08 21:18:22 [main] INFO  o.a.c.c.C.[Tomcat].[localhost].[/] - Initializing Spring embedded WebApplicationContext
2026-04-08 21:18:22 [main] INFO  o.s.b.w.s.c.ServletWebServerApplicationContext - Root WebApplicationContext: initialization completed in 6035 ms
2026-04-08 21:18:23 [main] INFO  o.h.jpa.internal.util.LogHelper - HHH000204: Processing PersistenceUnitInfo [name: default]
2026-04-08 21:18:23 [main] INFO  org.hibernate.Version - HHH000412: Hibernate ORM core version 6.6.45.Final
2026-04-08 21:18:24 [main] INFO  o.h.c.i.RegionFactoryInitiator - HHH000026: Second-level cache disabled
2026-04-08 21:18:24 [main] INFO  o.s.o.j.p.SpringPersistenceUnitInfo - No LoadTimeWeaver setup: ignoring JPA class transformer
2026-04-08 21:18:24 [main] INFO  com.zaxxer.hikari.HikariDataSource - HikariPool-1 - Starting...
2026-04-08 21:18:25 [main] INFO  com.zaxxer.hikari.pool.HikariPool - HikariPool-1 - Added connection org.postgresql.jdbc.PgConnection@1ead6e20
2026-04-08 21:18:25 [main] INFO  com.zaxxer.hikari.HikariDataSource - HikariPool-1 - Start completed.
2026-04-08 21:18:26 [main] WARN  org.hibernate.orm.deprecation - HHH90000025: PostgreSQLDialect does not need to be specified explicitly using 'hibernate.dialect' (remove the property setting and it will be selected by default)
2026-04-08 21:18:26 [main] INFO  o.hibernate.orm.connections.pooling - HHH10001005: Database info:
	Database JDBC URL [Connecting through datasource 'HikariDataSource (HikariPool-1)']
	Database driver: undefined/unknown
	Database version: 18.1
	Autocommit mode: undefined/unknown
	Isolation level: undefined/unknown
	Minimum pool size: undefined/unknown
	Maximum pool size: undefined/unknown
2026-04-08 21:18:29 [main] INFO  o.h.e.t.j.p.i.JtaPlatformInitiator - HHH000489: No JTA platform available (set 'hibernate.transaction.jta.platform' to enable JTA platform integration)
2026-04-08 21:18:29 [main] INFO  o.s.o.j.LocalContainerEntityManagerFactoryBean - Initialized JPA EntityManagerFactory for persistence unit 'default'
2026-04-08 21:18:31 [main] WARN  o.s.b.a.o.j.JpaBaseConfiguration$JpaWebConfiguration - spring.jpa.open-in-view is enabled by default. Therefore, database queries may be performed during view rendering. Explicitly configure spring.jpa.open-in-view to disable this warning
2026-04-08 21:18:34 [main] INFO  o.s.c.n.e.c.DiscoveryClientOptionalArgsConfiguration - Eureka HTTP Client uses RestTemplate.
2026-04-08 21:18:34 [main] WARN  o.s.c.l.c.LoadBalancerCacheAutoConfiguration$LoadBalancerCaffeineWarnLogger - Spring Cloud LoadBalancer is currently working with the default cache. While this cache implementation is useful for development and tests, it's recommended to use Caffeine cache in production.You can switch to using Caffeine cache, by adding it and org.springframework.cache.caffeine.CaffeineCacheManager to the classpath.
2026-04-08 21:18:34 [main] INFO  o.s.c.n.eureka.InstanceInfoFactory - Setting initial instance status as: STARTING
2026-04-08 21:18:34 [main] INFO  c.netflix.discovery.DiscoveryClient - Initializing Eureka in region us-east-1
2026-04-08 21:18:34 [main] INFO  c.n.d.s.r.aws.ConfigClusterResolver - Resolving eureka endpoints via configuration
2026-04-08 21:18:34 [main] INFO  c.netflix.discovery.DiscoveryClient - Disable delta property : false
2026-04-08 21:18:34 [main] INFO  c.netflix.discovery.DiscoveryClient - Single vip registry refresh property : null
2026-04-08 21:18:34 [main] INFO  c.netflix.discovery.DiscoveryClient - Force full registry fetch : false
2026-04-08 21:18:34 [main] INFO  c.netflix.discovery.DiscoveryClient - Application is null : false
2026-04-08 21:18:34 [main] INFO  c.netflix.discovery.DiscoveryClient - Registered Applications size is zero : true
2026-04-08 21:18:34 [main] INFO  c.netflix.discovery.DiscoveryClient - Application version is -1: true
2026-04-08 21:18:34 [main] INFO  c.netflix.discovery.DiscoveryClient - Getting all instance registry info from the eureka server
2026-04-08 21:18:36 [main] INFO  c.netflix.discovery.DiscoveryClient - The response status is 200
2026-04-08 21:18:36 [main] INFO  c.netflix.discovery.DiscoveryClient - Starting heartbeat executor: renew interval is: 30
2026-04-08 21:18:36 [main] INFO  c.n.discovery.InstanceInfoReplicator - InstanceInfoReplicator onDemand update allowed rate per min is 4
2026-04-08 21:18:36 [main] INFO  c.netflix.discovery.DiscoveryClient - Discovery Client initialized at timestamp 1775663316556 with initial instances count: 2
2026-04-08 21:18:36 [main] INFO  o.s.c.n.e.s.EurekaServiceRegistry - Registering application REVIEWS-SERVICE with eureka with status UP
2026-04-08 21:18:36 [main] INFO  c.netflix.discovery.DiscoveryClient - Saw local status change event StatusChangeEvent [timestamp=1775663316599, current=UP, previous=STARTING]
2026-04-08 21:18:36 [DiscoveryClient-InstanceInfoReplicator-%d] INFO  c.netflix.discovery.DiscoveryClient - DiscoveryClient_REVIEWS-SERVICE/BLR1-LHP-N81123.synapse.com:REVIEWS-SERVICE:2004: registering service...
2026-04-08 21:18:36 [main] INFO  o.a.coyote.http11.Http11NioProtocol - Starting ProtocolHandler ["http-nio-2004"]
2026-04-08 21:18:36 [main] INFO  o.s.c.n.e.s.EurekaServiceRegistry - Unregistering application REVIEWS-SERVICE with eureka with status DOWN
2026-04-08 21:18:36 [main] INFO  c.netflix.discovery.DiscoveryClient - Saw local status change event StatusChangeEvent [timestamp=1775663316709, current=DOWN, previous=UP]
2026-04-08 21:18:36 [main] WARN  o.s.b.w.s.c.AnnotationConfigServletWebServerApplicationContext - Exception encountered during context initialization - cancelling refresh attempt: org.springframework.context.ApplicationContextException: Failed to start bean 'webServerStartStop'
2026-04-08 21:18:36 [DiscoveryClient-InstanceInfoReplicator-%d] INFO  c.netflix.discovery.DiscoveryClient - DiscoveryClient_REVIEWS-SERVICE/BLR1-LHP-N81123.synapse.com:REVIEWS-SERVICE:2004 - registration status: 204
2026-04-08 21:18:36 [DiscoveryClient-InstanceInfoReplicator-%d] INFO  c.netflix.discovery.DiscoveryClient - DiscoveryClient_REVIEWS-SERVICE/BLR1-LHP-N81123.synapse.com:REVIEWS-SERVICE:2004: registering service...
2026-04-08 21:18:36 [DiscoveryClient-InstanceInfoReplicator-%d] INFO  c.netflix.discovery.DiscoveryClient - DiscoveryClient_REVIEWS-SERVICE/BLR1-LHP-N81123.synapse.com:REVIEWS-SERVICE:2004 - registration status: 204
2026-04-08 21:18:36 [main] INFO  o.s.o.j.LocalContainerEntityManagerFactoryBean - Closing JPA EntityManagerFactory for persistence unit 'default'
2026-04-08 21:18:36 [main] INFO  com.zaxxer.hikari.HikariDataSource - HikariPool-1 - Shutdown initiated...
2026-04-08 21:18:36 [main] INFO  com.zaxxer.hikari.HikariDataSource - HikariPool-1 - Shutdown completed.
2026-04-08 21:18:36 [main] INFO  c.netflix.discovery.DiscoveryClient - Shutting down DiscoveryClient ...
2026-04-08 21:18:39 [AsyncResolver-bootstrap-executor-%d] INFO  c.n.d.s.r.aws.ConfigClusterResolver - Resolving eureka endpoints via configuration
2026-04-08 21:18:39 [main] INFO  c.netflix.discovery.DiscoveryClient - Unregistering ...
2026-04-08 21:18:39 [main] INFO  c.netflix.discovery.DiscoveryClient - DiscoveryClient_REVIEWS-SERVICE/BLR1-LHP-N81123.synapse.com:REVIEWS-SERVICE:2004 - deregister  status: 200
2026-04-08 21:18:39 [main] INFO  c.netflix.discovery.DiscoveryClient - Completed shut down of DiscoveryClient
2026-04-08 21:18:39 [main] INFO  o.s.b.a.l.ConditionEvaluationReportLogger - 

Error starting ApplicationContext. To display the condition evaluation report re-run your application with 'debug' enabled.
2026-04-08 21:18:40 [main] ERROR o.s.b.d.LoggingFailureAnalysisReporter - 

***************************
APPLICATION FAILED TO START
***************************

Description:

Web server failed to start. Port 2004 was already in use.

Action:

Identify and stop the process that's listening on port 2004 or configure this application to listen on another port.

2026-04-08 21:18:40 [DiscoveryClient-HeartbeatExecutor-%d] INFO  c.netflix.discovery.DiscoveryClient - DiscoveryClient_REVIEWS-SERVICE/BLR1-LHP-N81123.synapse.com:REVIEWS-SERVICE:2004 - Re-registering apps/REVIEWS-SERVICE
2026-04-08 21:18:40 [DiscoveryClient-HeartbeatExecutor-%d] INFO  c.netflix.discovery.DiscoveryClient - DiscoveryClient_REVIEWS-SERVICE/BLR1-LHP-N81123.synapse.com:REVIEWS-SERVICE:2004: registering service...
2026-04-08 21:18:40 [DiscoveryClient-HeartbeatExecutor-%d] INFO  c.netflix.discovery.DiscoveryClient - DiscoveryClient_REVIEWS-SERVICE/BLR1-LHP-N81123.synapse.com:REVIEWS-SERVICE:2004 - registration status: 204
2026-04-08 21:19:45 [background-preinit] INFO  o.h.validator.internal.util.Version - HV000001: Hibernate Validator 8.0.3.Final
2026-04-08 21:19:45 [main] INFO  c.e.r.controller.controllerTest - Starting controllerTest using Java 21.0.10 with PID 13420 (started by smruti.rout in C:\Users\smruti.rout\Documents\FixiePixie-Backend-main\reviews)
2026-04-08 21:19:45 [main] DEBUG c.e.r.controller.controllerTest - Running with Spring Boot v3.5.13, Spring v6.2.17
2026-04-08 21:19:45 [main] INFO  c.e.r.controller.controllerTest - No active profile set, falling back to 1 default profile: "default"
2026-04-08 21:19:57 [main] INFO  o.s.b.t.m.w.SpringBootMockServletContext - Initializing Spring TestDispatcherServlet ''
2026-04-08 21:19:57 [main] INFO  o.s.t.w.s.TestDispatcherServlet - Initializing Servlet ''
2026-04-08 21:19:57 [main] INFO  o.s.t.w.s.TestDispatcherServlet - Completed initialization in 3 ms
2026-04-08 21:19:57 [main] INFO  c.e.r.controller.controllerTest - Started controllerTest in 14.483 seconds (process running for 21.122)
2026-04-08 21:19:59 [main] WARN  c.e.r.utility.GlobalExceptionHandler - Not found path=/review/update/77 message=review not found
2026-04-08 21:19:59 [main] WARN  c.e.r.utility.GlobalExceptionHandler - Validation failed path=/review/give errors={rating=Rating cannot exceed 5, comment=Comment cannot be blank, bookingId=Booking ID is required, providerServiceId=Provider Service ID is required}
2026-04-08 21:20:00 [main] WARN  c.e.r.utility.GlobalExceptionHandler - Not found path=/review/delete/88 message=review not found
2026-04-08 21:21:22 [background-preinit] INFO  o.h.validator.internal.util.Version - HV000001: Hibernate Validator 8.0.3.Final
2026-04-08 21:21:22 [main] INFO  c.e.r.controller.controllerTest - Starting controllerTest using Java 21.0.10 with PID 2496 (started by smruti.rout in C:\Users\smruti.rout\Documents\FixiePixie-Backend-main\reviews)
2026-04-08 21:21:22 [main] DEBUG c.e.r.controller.controllerTest - Running with Spring Boot v3.5.13, Spring v6.2.17
2026-04-08 21:21:22 [main] INFO  c.e.r.controller.controllerTest - No active profile set, falling back to 1 default profile: "default"
2026-04-08 21:21:28 [main] INFO  o.s.b.t.m.w.SpringBootMockServletContext - Initializing Spring TestDispatcherServlet ''
2026-04-08 21:21:28 [main] INFO  o.s.t.w.s.TestDispatcherServlet - Initializing Servlet ''
2026-04-08 21:21:28 [main] INFO  o.s.t.w.s.TestDispatcherServlet - Completed initialization in 2 ms
2026-04-08 21:21:28 [main] INFO  c.e.r.controller.controllerTest - Started controllerTest in 7.04 seconds (process running for 11.205)
2026-04-08 21:22:12 [background-preinit] INFO  o.h.validator.internal.util.Version - HV000001: Hibernate Validator 8.0.3.Final
2026-04-08 21:22:12 [main] INFO  c.e.r.controller.controllerTest - Starting controllerTest using Java 21.0.10 with PID 13932 (started by smruti.rout in C:\Users\smruti.rout\Documents\FixiePixie-Backend-main\reviews)
2026-04-08 21:22:12 [main] DEBUG c.e.r.controller.controllerTest - Running with Spring Boot v3.5.13, Spring v6.2.17
2026-04-08 21:22:12 [main] INFO  c.e.r.controller.controllerTest - No active profile set, falling back to 1 default profile: "default"
2026-04-08 21:22:22 [main] INFO  o.s.b.t.m.w.SpringBootMockServletContext - Initializing Spring TestDispatcherServlet ''
2026-04-08 21:22:22 [main] INFO  o.s.t.w.s.TestDispatcherServlet - Initializing Servlet ''
2026-04-08 21:22:22 [main] INFO  o.s.t.w.s.TestDispatcherServlet - Completed initialization in 5 ms
2026-04-08 21:22:22 [main] INFO  c.e.r.controller.controllerTest - Started controllerTest in 13.029 seconds (process running for 18.894)
2026-04-08 21:22:23 [main] WARN  c.e.r.utility.GlobalExceptionHandler - Validation failed path=/review/give errors={comment=Comment cannot be blank, rating=Rating cannot exceed 5, bookingId=Booking ID is required, providerServiceId=Provider Service ID is required}
2026-04-08 21:22:24 [background-preinit] INFO  o.h.validator.internal.util.Version - HV000001: Hibernate Validator 8.0.3.Final
2026-04-08 21:22:24 [main] INFO  c.e.r.controller.controllerTest - Starting controllerTest using Java 21.0.10 with PID 8864 (started by smruti.rout in C:\Users\smruti.rout\Documents\FixiePixie-Backend-main\reviews)
2026-04-08 21:22:24 [main] DEBUG c.e.r.controller.controllerTest - Running with Spring Boot v3.5.13, Spring v6.2.17
2026-04-08 21:22:24 [main] INFO  c.e.r.controller.controllerTest - No active profile set, falling back to 1 default profile: "default"
2026-04-08 21:22:33 [main] INFO  o.s.b.t.m.w.SpringBootMockServletContext - Initializing Spring TestDispatcherServlet ''
2026-04-08 21:22:33 [main] INFO  o.s.t.w.s.TestDispatcherServlet - Initializing Servlet ''
2026-04-08 21:22:33 [main] INFO  o.s.t.w.s.TestDispatcherServlet - Completed initialization in 3 ms
2026-04-08 21:22:33 [main] INFO  c.e.r.controller.controllerTest - Started controllerTest in 12.467 seconds (process running for 19.354)
2026-04-08 21:22:34 [main] WARN  c.e.r.utility.GlobalExceptionHandler - Not found path=/review/update/77 message=review not found
2026-04-08 21:22:40 [background-preinit] INFO  o.h.validator.internal.util.Version - HV000001: Hibernate Validator 8.0.3.Final
2026-04-08 21:22:40 [main] INFO  c.e.r.controller.controllerTest - Starting controllerTest using Java 21.0.10 with PID 11944 (started by smruti.rout in C:\Users\smruti.rout\Documents\FixiePixie-Backend-main\reviews)
2026-04-08 21:22:40 [main] DEBUG c.e.r.controller.controllerTest - Running with Spring Boot v3.5.13, Spring v6.2.17
2026-04-08 21:22:40 [main] INFO  c.e.r.controller.controllerTest - No active profile set, falling back to 1 default profile: "default"
2026-04-08 21:22:49 [main] INFO  o.s.b.t.m.w.SpringBootMockServletContext - Initializing Spring TestDispatcherServlet ''
2026-04-08 21:22:49 [main] INFO  o.s.t.w.s.TestDispatcherServlet - Initializing Servlet ''
2026-04-08 21:22:49 [main] INFO  o.s.t.w.s.TestDispatcherServlet - Completed initialization in 5 ms
2026-04-08 21:22:49 [main] INFO  c.e.r.controller.controllerTest - Started controllerTest in 10.856 seconds (process running for 17.829)
2026-04-08 21:22:52 [background-preinit] INFO  o.h.validator.internal.util.Version - HV000001: Hibernate Validator 8.0.3.Final
2026-04-08 21:22:52 [main] INFO  c.e.r.controller.controllerTest - Starting controllerTest using Java 21.0.10 with PID 13288 (started by smruti.rout in C:\Users\smruti.rout\Documents\FixiePixie-Backend-main\reviews)
2026-04-08 21:22:52 [main] DEBUG c.e.r.controller.controllerTest - Running with Spring Boot v3.5.13, Spring v6.2.17
2026-04-08 21:22:52 [main] INFO  c.e.r.controller.controllerTest - No active profile set, falling back to 1 default profile: "default"
2026-04-08 21:22:58 [main] INFO  o.s.b.t.m.w.SpringBootMockServletContext - Initializing Spring TestDispatcherServlet ''
2026-04-08 21:22:58 [main] INFO  o.s.t.w.s.TestDispatcherServlet - Initializing Servlet ''
2026-04-08 21:22:58 [main] INFO  o.s.t.w.s.TestDispatcherServlet - Completed initialization in 4 ms
2026-04-08 21:22:58 [main] INFO  c.e.r.controller.controllerTest - Started controllerTest in 8.751 seconds (process running for 14.39)
2026-04-08 21:22:58 [main] WARN  c.e.r.utility.GlobalExceptionHandler - Not found path=/review/delete/88 message=review not found
2026-04-08 21:23:39 [AsyncResolver-bootstrap-executor-%d] INFO  c.n.d.s.r.aws.ConfigClusterResolver - Resolving eureka endpoints via configuration
