06-04-2026 16:31:20 [background-preinit] INFO  org.hibernate.validator.internal.util.Version - HV000001: Hibernate Validator 8.0.3.Final
06-04-2026 16:31:20 [main] INFO  com.gl.project.ProviderService.ProviderServiceApplication - Starting ProviderServiceApplication using Java 21.0.10 with PID 19116 (C:\Users\putta.bhavitha\Downloads\ProviderService\ProviderService\target\classes started by putta.bhavitha in C:\Users\putta.bhavitha\Downloads\ProviderService\ProviderService)
06-04-2026 16:31:20 [main] DEBUG com.gl.project.ProviderService.ProviderServiceApplication - Running with Spring Boot v3.5.13, Spring v6.2.17
06-04-2026 16:31:20 [main] INFO  com.gl.project.ProviderService.ProviderServiceApplication - No active profile set, falling back to 1 default profile: "default"
06-04-2026 16:31:21 [main] INFO  org.springframework.data.repository.config.RepositoryConfigurationDelegate - Bootstrapping Spring Data JPA repositories in DEFAULT mode.
06-04-2026 16:31:22 [main] INFO  org.springframework.data.repository.config.RepositoryConfigurationDelegate - Finished Spring Data repository scanning in 181 ms. Found 1 JPA repository interface.
06-04-2026 16:31:22 [main] INFO  org.springframework.cloud.context.scope.GenericScope - BeanFactory id=4ed382d2-7912-3138-ab12-d2c1a45d75cb
06-04-2026 16:31:23 [main] INFO  org.springframework.boot.web.embedded.tomcat.TomcatWebServer - Tomcat initialized with port 8083 (http)
06-04-2026 16:31:23 [main] INFO  org.apache.coyote.http11.Http11NioProtocol - Initializing ProtocolHandler ["http-nio-8083"]
06-04-2026 16:31:23 [main] INFO  org.apache.catalina.core.StandardService - Starting service [Tomcat]
06-04-2026 16:31:23 [main] INFO  org.apache.catalina.core.StandardEngine - Starting Servlet engine: [Apache Tomcat/10.1.53]
06-04-2026 16:31:23 [main] INFO  org.apache.catalina.core.ContainerBase.[Tomcat].[localhost].[/] - Initializing Spring embedded WebApplicationContext
06-04-2026 16:31:23 [main] INFO  org.springframework.boot.web.servlet.context.ServletWebServerApplicationContext - Root WebApplicationContext: initialization completed in 2817 ms
06-04-2026 16:31:24 [main] INFO  org.hibernate.jpa.internal.util.LogHelper - HHH000204: Processing PersistenceUnitInfo [name: default]
06-04-2026 16:31:24 [main] INFO  org.hibernate.Version - HHH000412: Hibernate ORM core version 6.6.45.Final
06-04-2026 16:31:24 [main] INFO  org.hibernate.cache.internal.RegionFactoryInitiator - HHH000026: Second-level cache disabled
06-04-2026 16:31:24 [main] INFO  org.springframework.orm.jpa.persistenceunit.SpringPersistenceUnitInfo - No LoadTimeWeaver setup: ignoring JPA class transformer
06-04-2026 16:31:24 [main] INFO  com.zaxxer.hikari.HikariDataSource - HikariPool-1 - Starting...
06-04-2026 16:31:24 [main] INFO  com.zaxxer.hikari.pool.HikariPool - HikariPool-1 - Added connection org.postgresql.jdbc.PgConnection@1b36d248
06-04-2026 16:31:24 [main] INFO  com.zaxxer.hikari.HikariDataSource - HikariPool-1 - Start completed.
06-04-2026 16:31:25 [main] INFO  org.hibernate.orm.connections.pooling - HHH10001005: Database info:
	Database JDBC URL [Connecting through datasource 'HikariDataSource (HikariPool-1)']
	Database driver: undefined/unknown
	Database version: 18.1
	Autocommit mode: undefined/unknown
	Isolation level: undefined/unknown
	Minimum pool size: undefined/unknown
	Maximum pool size: undefined/unknown
06-04-2026 16:31:26 [main] INFO  org.hibernate.engine.transaction.jta.platform.internal.JtaPlatformInitiator - HHH000489: No JTA platform available (set 'hibernate.transaction.jta.platform' to enable JTA platform integration)
06-04-2026 16:31:26 [main] INFO  org.springframework.orm.jpa.LocalContainerEntityManagerFactoryBean - Initialized JPA EntityManagerFactory for persistence unit 'default'
06-04-2026 16:31:26 [main] WARN  org.springframework.boot.autoconfigure.orm.jpa.JpaBaseConfiguration$JpaWebConfiguration - spring.jpa.open-in-view is enabled by default. Therefore, database queries may be performed during view rendering. Explicitly configure spring.jpa.open-in-view to disable this warning
06-04-2026 16:31:27 [main] INFO  org.springframework.cloud.netflix.eureka.config.DiscoveryClientOptionalArgsConfiguration - Eureka HTTP Client uses RestTemplate.
06-04-2026 16:31:28 [main] WARN  org.springframework.cloud.loadbalancer.config.LoadBalancerCacheAutoConfiguration$LoadBalancerCaffeineWarnLogger - Spring Cloud LoadBalancer is currently working with the default cache. While this cache implementation is useful for development and tests, it's recommended to use Caffeine cache in production.You can switch to using Caffeine cache, by adding it and org.springframework.cache.caffeine.CaffeineCacheManager to the classpath.
06-04-2026 16:31:28 [main] INFO  org.apache.coyote.http11.Http11NioProtocol - Starting ProtocolHandler ["http-nio-8083"]
06-04-2026 16:31:28 [main] INFO  org.springframework.boot.web.embedded.tomcat.TomcatWebServer - Tomcat started on port 8083 (http) with context path '/'
06-04-2026 16:31:28 [main] INFO  com.gl.project.ProviderService.ProviderServiceApplication - Started ProviderServiceApplication in 8.124 seconds (process running for 9.937)
06-04-2026 16:35:10 [SpringApplicationShutdownHook] INFO  org.springframework.boot.web.embedded.tomcat.GracefulShutdown - Commencing graceful shutdown. Waiting for active requests to complete
06-04-2026 16:35:10 [tomcat-shutdown] INFO  org.springframework.boot.web.embedded.tomcat.GracefulShutdown - Graceful shutdown complete
06-04-2026 16:35:10 [SpringApplicationShutdownHook] INFO  org.springframework.orm.jpa.LocalContainerEntityManagerFactoryBean - Closing JPA EntityManagerFactory for persistence unit 'default'
06-04-2026 16:35:10 [SpringApplicationShutdownHook] INFO  com.zaxxer.hikari.HikariDataSource - HikariPool-1 - Shutdown initiated...
06-04-2026 16:35:10 [SpringApplicationShutdownHook] INFO  com.zaxxer.hikari.HikariDataSource - HikariPool-1 - Shutdown completed.
